// Jest Snapshot v1, https://goo.gl/fbAQLP

exports[`it renders 1`] = `
<div
  className="file-upload d-flex align-items-center"
>
  <div
    className="mx-2"
  >
    <i
      className="far fa-file fa-lg"
    />
  </div>
  <div
    className="md-mx-2 truncate w-25"
  >
    my-file.txt
  </div>
  <div
    className="ml-2 md-mx-2 d-none d-md-block file-upload__size text-nowrap truncate"
  >
    200kb
  </div>
  <div
    className="mx-2"
  >
    10/28/2017
  </div>
  <div>
    <button
      aria-label="Edit"
      className="px-2 far fa-edit fa-lg file-upload__button"
      onClick={[Function]}
      type="button"
    />
    <button
      aria-label="Remove"
      className="far fa-times-circle fa-lg text-danger-light file-upload__button"
      onClick={[Function]}
      type="button"
    />
  </div>
</div>
`;
