// Jest Snapshot v1, https://goo.gl/fbAQLP

exports[`it renders 1`] = `
<div
  className="common-onboarding"
>
  <div
    className="row"
  >
    <div
      className="col"
    >
      <h4
        className="my-3"
      >
        Do you have any of these expenses?
      </h4>
      <CommonExpenseManager
        buttonText="Next"
        forceButtonEnabled={true}
        onSaved={[Function]}
        year=""
      />
    </div>
  </div>
</div>
`;
